Warning: Design 'vsdcaravel' has '3' unresolved references. For more detailed information, use the "link" command. (UID-341)
 
****************************************
Report : area
Design : vsdcaravel
Version: T-2022.03-SP5
Date   : Sat Dec 13 15:41:07 2025
****************************************

Library(s) Used:

    tsl18fs120_scl_ff (File: /home/Synopsys/pdk/SCL_PDK_3/SCLPDK_V3.0_KIT/scl180/stdcell/fs120/6M1L/liberty/lib_flow_ff/tsl18fs120_scl_ff.db)
    tsl18cio250_min (File: /home/Synopsys/pdk/SCL_PDK_3/SCLPDK_V3.0_KIT/scl180/iopad/cio250/6M1L/liberty/tsl18cio250_min.db)

Number of ports:                        14252
Number of nets:                         38599
Number of cells:                        31117
Number of combinational cells:          18487
Number of sequential cells:              6887
Number of macros/black boxes:              19
Number of buf/inv:                       3591
Number of references:                       2

Combinational area:             342481.980050
Buf/Inv area:                    29187.019876
Noncombinational area:          431036.399128
Macro/Black Box area:             3986.640190
Net Interconnect area:           31834.861167

Total cell area:                777505.019368
Total area:                     809339.880535

Information: This design contains black box (unknown) components. (RPT-8)
1
