========================================
Blackbox Modules Report
========================================

Date: Thu Dec 25 15:57:34 2025
Design: vsdcaravel

----------------------------------------
Module: RAM128
----------------------------------------
  Design Status: PRESENT (blackbox)
  Instance Count: 3
  Instances:
    - chip_core/soc/core/RAM256/BANK128[0].RAM128
    - chip_core/soc/core/RAM256/BANK128[1].RAM128
    - chip_core/soc/core/RAM128

----------------------------------------
Module: RAM256
----------------------------------------
  Design Status: PRESENT (blackbox)
  Instance Count: 1
  Instances:
    - chip_core/soc/core/RAM256

========================================
End of Blackbox Report
========================================
