Information: Building multi voltage information for entire design. (MV-022)
Warning: Some timing arcs have been disabled for breaking timing loops or because of constant propagation. Use the 'report_disable_timing' command to get the list of these disabled timing arcs. (PTE-003)
Warning: No clock-gating check is inferred for clock pll_clk at pins gpio9/OEN and gpio9/DO of cell gpio9. (PTE-060)
Warning: No clock-gating check is inferred for clock pll_clk at pins gpio8/OEN and gpio8/DO of cell gpio8. (PTE-060)
Warning: No clock-gating check is inferred for clock ext_clk at pins gpio10/OEN and gpio10/DO of cell gpio10. (PTE-060)
Warning: No clock-gating check is inferred for clock pll_clk at pins gpio10/OEN and gpio10/DO of cell gpio10. (PTE-060)
Warning: No clock-gating check is inferred for clock pll_clk at pins _19929_/S and _19929_/A of cell _19929_. (PTE-060)
Warning: No clock-gating check is inferred for clock ext_clk at pins _19929_/S and _19929_/B of cell _19929_. (PTE-060)
Information: Inferring 9 clock-gating checks. (PTE-017)
Warning: The drive-resistance for the timing arc (NangateOpenCellLibrary/BUF_X16) ZCTSBUF_34_64622/A-->Z (min rising & falling positive_unate) is much less than the network impedance to ground; PrimeTime has adjusted the drive-resistance to improve accuracy. (RC-009)
Warning: The drive-resistance for the timing arc (NangateOpenCellLibrary/BUF_X16) ZCTSBUF_34_64622/A-->Z (max rising & falling positive_unate) is much less than the network impedance to ground; PrimeTime has adjusted the drive-resistance to improve accuracy. (RC-009)
Warning: The drive-resistance for the timing arc (NangateOpenCellLibrary/BUF_X16) ctosc_gls_inst_64959/A-->Z (min rising & falling positive_unate) is much less than the network impedance to ground; PrimeTime has adjusted the drive-resistance to improve accuracy. (RC-009)
Warning: The drive-resistance for the timing arc (NangateOpenCellLibrary/BUF_X16) ctosc_gls_inst_64959/A-->Z (max rising & falling positive_unate) is much less than the network impedance to ground; PrimeTime has adjusted the drive-resistance to improve accuracy. (RC-009)
Warning: The drive-resistance for the timing arc (NangateOpenCellLibrary/BUF_X8) ZCTSBUF_152_64624/A-->Z (min rising & falling positive_unate) is much less than the network impedance to ground; PrimeTime has adjusted the drive-resistance to improve accuracy. (RC-009)
Warning: The drive-resistance for the timing arc (NangateOpenCellLibrary/BUF_X8) ZCTSBUF_152_64624/A-->Z (max rising & falling positive_unate) is much less than the network impedance to ground; PrimeTime has adjusted the drive-resistance to improve accuracy. (RC-009)
Warning: The drive-resistance for the timing arc (NangateOpenCellLibrary/BUF_X16) ZCTSBUF_21_64623/A-->Z (min rising & falling positive_unate) is much less than the network impedance to ground; PrimeTime has adjusted the drive-resistance to improve accuracy. (RC-009)
Warning: The drive-resistance for the timing arc (NangateOpenCellLibrary/BUF_X16) ZCTSBUF_21_64623/A-->Z (max rising & falling positive_unate) is much less than the network impedance to ground; PrimeTime has adjusted the drive-resistance to improve accuracy. (RC-009)
Warning: The drive-resistance for the timing arc (NangateOpenCellLibrary/BUF_X16) ZCTSBUF_151660_64620/A-->Z (min rising & falling positive_unate) is much less than the network impedance to ground; PrimeTime has adjusted the drive-resistance to improve accuracy. (RC-009)
Warning: The drive-resistance for the timing arc (NangateOpenCellLibrary/BUF_X16) ZCTSBUF_151660_64620/A-->Z (max rising & falling positive_unate) is much less than the network impedance to ground; PrimeTime has adjusted the drive-resistance to improve accuracy. (RC-009)
Warning: The drive-resistance for the timing arc (NangateOpenCellLibrary/BUF_X8) ZCTSBUF_24682_64522/A-->Z (min rising & falling positive_unate) is much less than the network impedance to ground; PrimeTime has adjusted the drive-resistance to improve accuracy. (RC-009)
Warning: The drive-resistance for the timing arc (NangateOpenCellLibrary/BUF_X8) ZCTSBUF_24682_64522/A-->Z (max rising & falling positive_unate) is much less than the network impedance to ground; PrimeTime has adjusted the drive-resistance to improve accuracy. (RC-009)
Warning: The drive-resistance for the timing arc (NangateOpenCellLibrary/BUF_X16) ZCTSBUF_83423_64619/A-->Z (min rising & falling positive_unate) is much less than the network impedance to ground; PrimeTime has adjusted the drive-resistance to improve accuracy. (RC-009)
Warning: The drive-resistance for the timing arc (NangateOpenCellLibrary/BUF_X16) ZCTSBUF_83423_64619/A-->Z (max rising & falling positive_unate) is much less than the network impedance to ground; PrimeTime has adjusted the drive-resistance to improve accuracy. (RC-009)
Warning: The drive-resistance for the timing arc (NangateOpenCellLibrary/BUF_X8) ZCTSBUF_100335_64566/A-->Z (min rising & falling positive_unate) is much less than the network impedance to ground; PrimeTime has adjusted the drive-resistance to improve accuracy. (RC-009)
Warning: The drive-resistance for the timing arc (NangateOpenCellLibrary/BUF_X8) ZCTSBUF_100335_64566/A-->Z (max rising & falling positive_unate) is much less than the network impedance to ground; PrimeTime has adjusted the drive-resistance to improve accuracy. (RC-009)
Warning: The drive-resistance for the timing arc (NangateOpenCellLibrary/BUF_X32) ZCTSBUF_19400_64517/A-->Z (min rising & falling positive_unate) is much less than the network impedance to ground; PrimeTime has adjusted the drive-resistance to improve accuracy. (RC-009)
Warning: The drive-resistance for the timing arc (NangateOpenCellLibrary/BUF_X32) ZCTSBUF_19400_64517/A-->Z (max rising & falling positive_unate) is much less than the network impedance to ground; PrimeTime has adjusted the drive-resistance to improve accuracy. (RC-009)
Warning: The drive-resistance for the timing arc (NangateOpenCellLibrary/BUF_X8) ZCTSBUF_111094_64565/A-->Z (min rising & falling positive_unate) is much less than the network impedance to ground; PrimeTime has adjusted the drive-resistance to improve accuracy. (RC-009)
Warning: The drive-resistance for the timing arc (NangateOpenCellLibrary/BUF_X8) ZCTSBUF_111094_64565/A-->Z (max rising & falling positive_unate) is much less than the network impedance to ground; PrimeTime has adjusted the drive-resistance to improve accuracy. (RC-009)
Warning: The drive-resistance for the timing arc (NangateOpenCellLibrary/BUF_X16) ZCTSBUF_93262_64587/A-->Z (min rising & falling positive_unate) is much less than the network impedance to ground; PrimeTime has adjusted the drive-resistance to improve accuracy. (RC-009)
Warning: The drive-resistance for the timing arc (NangateOpenCellLibrary/BUF_X16) ZCTSBUF_93262_64587/A-->Z (max rising & falling positive_unate) is much less than the network impedance to ground; PrimeTime has adjusted the drive-resistance to improve accuracy. (RC-009)
Warning: The drive-resistance for the timing arc (NangateOpenCellLibrary/BUF_X4) ZCTSBUF_85232_64590/A-->Z (min rising & falling positive_unate) is much less than the network impedance to ground; PrimeTime has adjusted the drive-resistance to improve accuracy. (RC-009)
Warning: The drive-resistance for the timing arc (NangateOpenCellLibrary/BUF_X4) ZCTSBUF_85232_64590/A-->Z (max rising & falling positive_unate) is much less than the network impedance to ground; PrimeTime has adjusted the drive-resistance to improve accuracy. (RC-009)
Warning: The drive-resistance for the timing arc (NangateOpenCellLibrary/BUF_X8) ZCTSBUF_43938_64536/A-->Z (min rising & falling positive_unate) is much less than the network impedance to ground; PrimeTime has adjusted the drive-resistance to improve accuracy. (RC-009)
Warning: The drive-resistance for the timing arc (NangateOpenCellLibrary/BUF_X8) ZCTSBUF_43938_64536/A-->Z (max rising & falling positive_unate) is much less than the network impedance to ground; PrimeTime has adjusted the drive-resistance to improve accuracy. (RC-009)
Warning: The drive-resistance for the timing arc (NangateOpenCellLibrary/BUF_X4) ZCTSBUF_113457_64563/A-->Z (min rising & falling positive_unate) is much less than the network impedance to ground; PrimeTime has adjusted the drive-resistance to improve accuracy. (RC-009)
Warning: The drive-resistance for the timing arc (NangateOpenCellLibrary/BUF_X4) ZCTSBUF_113457_64563/A-->Z (max rising & falling positive_unate) is much less than the network impedance to ground; PrimeTime has adjusted the drive-resistance to improve accuracy. (RC-009)
Warning: The drive-resistance for the timing arc (NangateOpenCellLibrary/BUF_X8) ZCTSBUF_38271_64535/A-->Z (min rising & falling positive_unate) is much less than the network impedance to ground; PrimeTime has adjusted the drive-resistance to improve accuracy. (RC-009)
Warning: The drive-resistance for the timing arc (NangateOpenCellLibrary/BUF_X8) ZCTSBUF_38271_64535/A-->Z (max rising & falling positive_unate) is much less than the network impedance to ground; PrimeTime has adjusted the drive-resistance to improve accuracy. (RC-009)
Warning: The drive-resistance for the timing arc (NangateOpenCellLibrary/BUF_X8) ZCTSBUF_13533_64513/A-->Z (min rising & falling positive_unate) is much less than the network impedance to ground; PrimeTime has adjusted the drive-resistance to improve accuracy. (RC-009)
Warning: The drive-resistance for the timing arc (NangateOpenCellLibrary/BUF_X8) ZCTSBUF_144284_64497/A-->Z (min rising & falling positive_unate) is much less than the network impedance to ground; PrimeTime has adjusted the drive-resistance to improve accuracy. (RC-009)
Warning: The drive-resistance for the timing arc (NangateOpenCellLibrary/BUF_X8) ZCTSBUF_144284_64497/A-->Z (max rising & falling positive_unate) is much less than the network impedance to ground; PrimeTime has adjusted the drive-resistance to improve accuracy. (RC-009)
Warning: The drive-resistance for the timing arc (NangateOpenCellLibrary/BUF_X8) ZCTSBUF_128815_64547/A-->Z (min rising & falling positive_unate) is much less than the network impedance to ground; PrimeTime has adjusted the drive-resistance to improve accuracy. (RC-009)
Warning: The drive-resistance for the timing arc (NangateOpenCellLibrary/BUF_X8) ZCTSBUF_128815_64547/A-->Z (max rising & falling positive_unate) is much less than the network impedance to ground; PrimeTime has adjusted the drive-resistance to improve accuracy. (RC-009)
Warning: The drive-resistance for the timing arc (NangateOpenCellLibrary/BUF_X8) ZCTSBUF_41857_64533/A-->Z (min rising & falling positive_unate) is much less than the network impedance to ground; PrimeTime has adjusted the drive-resistance to improve accuracy. (RC-009)
Warning: The drive-resistance for the timing arc (NangateOpenCellLibrary/BUF_X8) ZCTSBUF_39539_64530/A-->Z (min rising & falling positive_unate) is much less than the network impedance to ground; PrimeTime has adjusted the drive-resistance to improve accuracy. (RC-009)
Warning: The drive-resistance for the timing arc (NangateOpenCellLibrary/BUF_X8) ZCTSBUF_39539_64530/A-->Z (max rising & falling positive_unate) is much less than the network impedance to ground; PrimeTime has adjusted the drive-resistance to improve accuracy. (RC-009)
Warning: The drive-resistance for the timing arc (NangateOpenCellLibrary/BUF_X8) ZCTSBUF_51046_64612/A-->Z (min rising & falling positive_unate) is much less than the network impedance to ground; PrimeTime has adjusted the drive-resistance to improve accuracy. (RC-009)
Warning: The drive-resistance for the timing arc (NangateOpenCellLibrary/BUF_X8) ZCTSBUF_51046_64612/A-->Z (max rising & falling positive_unate) is much less than the network impedance to ground; PrimeTime has adjusted the drive-resistance to improve accuracy. (RC-009)
Warning: The drive-resistance for the timing arc (NangateOpenCellLibrary/BUF_X16) ctosc_gls_inst_64955/A-->Z (min rising & falling positive_unate) is much less than the network impedance to ground; PrimeTime has adjusted the drive-resistance to improve accuracy. (RC-009)
Warning: The drive-resistance for the timing arc (NangateOpenCellLibrary/BUF_X16) ctosc_gls_inst_64955/A-->Z (max rising & falling positive_unate) is much less than the network impedance to ground; PrimeTime has adjusted the drive-resistance to improve accuracy. (RC-009)
Warning: The drive-resistance for the timing arc (NangateOpenCellLibrary/BUF_X4) ZCTSBUF_105442_64570/A-->Z (min rising & falling positive_unate) is much less than the network impedance to ground; PrimeTime has adjusted the drive-resistance to improve accuracy. (RC-009)
Warning: The drive-resistance for the timing arc (NangateOpenCellLibrary/BUF_X4) ZCTSBUF_105442_64570/A-->Z (max rising & falling positive_unate) is much less than the network impedance to ground; PrimeTime has adjusted the drive-resistance to improve accuracy. (RC-009)
Warning: The drive-resistance for the timing arc (NangateOpenCellLibrary/BUF_X16) ZCTSBUF_136976_64506/A-->Z (min rising & falling positive_unate) is much less than the network impedance to ground; PrimeTime has adjusted the drive-resistance to improve accuracy. (RC-009)
Warning: The drive-resistance for the timing arc (NangateOpenCellLibrary/BUF_X16) ZCTSBUF_136976_64506/A-->Z (max rising & falling positive_unate) is much less than the network impedance to ground; PrimeTime has adjusted the drive-resistance to improve accuracy. (RC-009)
Warning: The drive-resistance for the timing arc (NangateOpenCellLibrary/BUF_X16) ZCTSBUF_79201_64610/A-->Z (min rising & falling positive_unate) is much less than the network impedance to ground; PrimeTime has adjusted the drive-resistance to improve accuracy. (RC-009)
Warning: The drive-resistance for the timing arc (NangateOpenCellLibrary/BUF_X16) ZCTSBUF_79201_64610/A-->Z (max rising & falling positive_unate) is much less than the network impedance to ground; PrimeTime has adjusted the drive-resistance to improve accuracy. (RC-009)
Warning: The drive-resistance for the timing arc (NangateOpenCellLibrary/BUF_X4) ZCTSBUF_106889_64572/A-->Z (min rising & falling positive_unate) is much less than the network impedance to ground; PrimeTime has adjusted the drive-resistance to improve accuracy. (RC-009)
Warning: The drive-resistance for the timing arc (NangateOpenCellLibrary/BUF_X8) ZCTSBUF_57474_64614/A-->Z (min rising & falling positive_unate) is much less than the network impedance to ground; PrimeTime has adjusted the drive-resistance to improve accuracy. (RC-009)
Warning: The drive-resistance for the timing arc (NangateOpenCellLibrary/BUF_X8) ZCTSBUF_57474_64614/A-->Z (max rising & falling positive_unate) is much less than the network impedance to ground; PrimeTime has adjusted the drive-resistance to improve accuracy. (RC-009)
Warning: The drive-resistance for the timing arc (NangateOpenCellLibrary/BUF_X8) ZCTSBUF_139174_64499/A-->Z (min rising & falling positive_unate) is much less than the network impedance to ground; PrimeTime has adjusted the drive-resistance to improve accuracy. (RC-009)
Warning: The drive-resistance for the timing arc (NangateOpenCellLibrary/BUF_X8) ZCTSBUF_139174_64499/A-->Z (max rising & falling positive_unate) is much less than the network impedance to ground; PrimeTime has adjusted the drive-resistance to improve accuracy. (RC-009)
Warning: The drive-resistance for the timing arc (NangateOpenCellLibrary/BUF_X32) ZCTSBUF_126790_64560/A-->Z (min rising & falling positive_unate) is much less than the network impedance to ground; PrimeTime has adjusted the drive-resistance to improve accuracy. (RC-009)
Warning: The drive-resistance for the timing arc (NangateOpenCellLibrary/BUF_X32) ZCTSBUF_126790_64560/A-->Z (max rising & falling positive_unate) is much less than the network impedance to ground; PrimeTime has adjusted the drive-resistance to improve accuracy. (RC-009)
Warning: The drive-resistance for the timing arc (NangateOpenCellLibrary/BUF_X16) ZCTSBUF_197_64631/A-->Z (min rising & falling positive_unate) is much less than the network impedance to ground; PrimeTime has adjusted the drive-resistance to improve accuracy. (RC-009)
Warning: The drive-resistance for the timing arc (NangateOpenCellLibrary/BUF_X16) ZCTSBUF_197_64631/A-->Z (max rising & falling positive_unate) is much less than the network impedance to ground; PrimeTime has adjusted the drive-resistance to improve accuracy. (RC-009)
Warning: The drive-resistance for the timing arc (NangateOpenCellLibrary/INV_X4) ZCTSINV_52913_64616/A-->ZN (min rising & falling negative_unate) is much less than the network impedance to ground; PrimeTime has adjusted the drive-resistance to improve accuracy. (RC-009)
Warning: The drive-resistance for the timing arc (NangateOpenCellLibrary/INV_X16) ZCTSINV_55127_64615/A-->ZN (min rising & falling negative_unate) is much less than the network impedance to ground; PrimeTime has adjusted the drive-resistance to improve accuracy. (RC-009)
Warning: The drive-resistance for the timing arc (NangateOpenCellLibrary/INV_X16) ZCTSINV_55127_64615/A-->ZN (max rising & falling negative_unate) is much less than the network impedance to ground; PrimeTime has adjusted the drive-resistance to improve accuracy. (RC-009)
Warning: The drive-resistance for the timing arc (NangateOpenCellLibrary/INV_X8) ZCTSINV_70269_64598/A-->ZN (min rising & falling negative_unate) is much less than the network impedance to ground; PrimeTime has adjusted the drive-resistance to improve accuracy. (RC-009)
Warning: The drive-resistance for the timing arc (NangateOpenCellLibrary/INV_X8) ZCTSINV_148956_64542/A-->ZN (min rising & falling negative_unate) is much less than the network impedance to ground; PrimeTime has adjusted the drive-resistance to improve accuracy. (RC-009)
Warning: The drive-resistance for the timing arc (NangateOpenCellLibrary/INV_X8) ZCTSINV_148956_64542/A-->ZN (max rising & falling negative_unate) is much less than the network impedance to ground; PrimeTime has adjusted the drive-resistance to improve accuracy. (RC-009)
Warning: The drive-resistance for the timing arc (NangateOpenCellLibrary/INV_X8) ZCTSINV_146879_64543/A-->ZN (min rising & falling negative_unate) is much less than the network impedance to ground; PrimeTime has adjusted the drive-resistance to improve accuracy. (RC-009)
Warning: The drive-resistance for the timing arc (NangateOpenCellLibrary/INV_X8) ZCTSINV_146879_64543/A-->ZN (max rising & falling negative_unate) is much less than the network impedance to ground; PrimeTime has adjusted the drive-resistance to improve accuracy. (RC-009)
Warning: The drive-resistance for the timing arc (NangateOpenCellLibrary/BUF_X16) ZCTSBUF_80_64628/A-->Z (min rising & falling positive_unate) is much less than the network impedance to ground; PrimeTime has adjusted the drive-resistance to improve accuracy. (RC-009)
Warning: The drive-resistance for the timing arc (NangateOpenCellLibrary/BUF_X16) ZCTSBUF_80_64628/A-->Z (max rising & falling positive_unate) is much less than the network impedance to ground; PrimeTime has adjusted the drive-resistance to improve accuracy. (RC-009)
Warning: The drive-resistance for the timing arc (NangateOpenCellLibrary/BUF_X16) ZCTSBUF_58_64630/A-->Z (min rising & falling positive_unate) is much less than the network impedance to ground; PrimeTime has adjusted the drive-resistance to improve accuracy. (RC-009)
Warning: The drive-resistance for the timing arc (NangateOpenCellLibrary/BUF_X16) ZCTSBUF_58_64630/A-->Z (max rising & falling positive_unate) is much less than the network impedance to ground; PrimeTime has adjusted the drive-resistance to improve accuracy. (RC-009)
Warning: The drive-resistance for the timing arc (NangateOpenCellLibrary/BUF_X16) ZCTSBUF_46_64627/A-->Z (min rising & falling positive_unate) is much less than the network impedance to ground; PrimeTime has adjusted the drive-resistance to improve accuracy. (RC-009)
Warning: The drive-resistance for the timing arc (NangateOpenCellLibrary/BUF_X16) ZCTSBUF_46_64627/A-->Z (max rising & falling positive_unate) is much less than the network impedance to ground; PrimeTime has adjusted the drive-resistance to improve accuracy. (RC-009)
Warning: The drive-resistance for the timing arc (NangateOpenCellLibrary/BUF_X16) ZCTSBUF_24_64626/A-->Z (min rising & falling positive_unate) is much less than the network impedance to ground; PrimeTime has adjusted the drive-resistance to improve accuracy. (RC-009)
Warning: The drive-resistance for the timing arc (NangateOpenCellLibrary/BUF_X16) ZCTSBUF_24_64626/A-->Z (max rising & falling positive_unate) is much less than the network impedance to ground; PrimeTime has adjusted the drive-resistance to improve accuracy. (RC-009)
Warning: The drive-resistance for the timing arc (NangateOpenCellLibrary/BUF_X8) ZCTSBUF_192_64635/A-->Z (min rising & falling positive_unate) is much less than the network impedance to ground; PrimeTime has adjusted the drive-resistance to improve accuracy. (RC-009)
Warning: The drive-resistance for the timing arc (NangateOpenCellLibrary/BUF_X8) ZCTSBUF_192_64635/A-->Z (max rising & falling positive_unate) is much less than the network impedance to ground; PrimeTime has adjusted the drive-resistance to improve accuracy. (RC-009)
Warning: The drive-resistance for the timing arc (NangateOpenCellLibrary/BUF_X16) ZCTSBUF_35_64629/A-->Z (min rising & falling positive_unate) is much less than the network impedance to ground; PrimeTime has adjusted the drive-resistance to improve accuracy. (RC-009)
Warning: The drive-resistance for the timing arc (NangateOpenCellLibrary/BUF_X16) ZCTSBUF_35_64629/A-->Z (max rising & falling positive_unate) is much less than the network impedance to ground; PrimeTime has adjusted the drive-resistance to improve accuracy. (RC-009)
Warning: The drive-resistance for the timing arc (NangateOpenCellLibrary/INV_X16) ZCTSINV_126_64634/A-->ZN (min rising & falling negative_unate) is much less than the network impedance to ground; PrimeTime has adjusted the drive-resistance to improve accuracy. (RC-009)
Warning: The drive-resistance for the timing arc (NangateOpenCellLibrary/INV_X16) ZCTSINV_126_64634/A-->ZN (max rising & falling negative_unate) is much less than the network impedance to ground; PrimeTime has adjusted the drive-resistance to improve accuracy. (RC-009)
Warning: The drive-resistance for the timing arc (NangateOpenCellLibrary/INV_X16) ZCTSINV_55_64633/A-->ZN (min rising & falling negative_unate) is much less than the network impedance to ground; PrimeTime has adjusted the drive-resistance to improve accuracy. (RC-009)
Warning: The drive-resistance for the timing arc (NangateOpenCellLibrary/INV_X16) ZCTSINV_55_64633/A-->ZN (max rising & falling negative_unate) is much less than the network impedance to ground; PrimeTime has adjusted the drive-resistance to improve accuracy. (RC-009)
Warning: The drive-resistance for the timing arc (NangateOpenCellLibrary/BUF_X16) ZCTSBUF_16_64632/A-->Z (min rising & falling positive_unate) is much less than the network impedance to ground; PrimeTime has adjusted the drive-resistance to improve accuracy. (RC-009)
Warning: The drive-resistance for the timing arc (NangateOpenCellLibrary/BUF_X16) ZCTSBUF_16_64632/A-->Z (max rising & falling positive_unate) is much less than the network impedance to ground; PrimeTime has adjusted the drive-resistance to improve accuracy. (RC-009)
Warning: The drive-resistance for the timing arc (NangateOpenCellLibrary/INV_X8) ZINV_650_inst_54344/A-->ZN (min rising & falling negative_unate) is much less than the network impedance to ground; PrimeTime has adjusted the drive-resistance to improve accuracy. (RC-009)
Warning: The drive-resistance for the timing arc (NangateOpenCellLibrary/INV_X8) ZINV_650_inst_54344/A-->ZN (max rising & falling negative_unate) is much less than the network impedance to ground; PrimeTime has adjusted the drive-resistance to improve accuracy. (RC-009)
Warning: The drive-resistance for the timing arc (NangateOpenCellLibrary/BUF_X16) copt_gre_mt_inst_91229/A-->Z (min rising & falling positive_unate) is much less than the network impedance to ground; PrimeTime has adjusted the drive-resistance to improve accuracy. (RC-009)
Warning: The drive-resistance for the timing arc (NangateOpenCellLibrary/BUF_X16) copt_gre_mt_inst_91229/A-->Z (max rising & falling positive_unate) is much less than the network impedance to ground; PrimeTime has adjusted the drive-resistance to improve accuracy. (RC-009)
Warning: The drive-resistance for the timing arc (NangateOpenCellLibrary/BUF_X16) copt_gre_mt_inst_91228/A-->Z (min rising & falling positive_unate) is much less than the network impedance to ground; PrimeTime has adjusted the drive-resistance to improve accuracy. (RC-009)
Warning: The drive-resistance for the timing arc (NangateOpenCellLibrary/BUF_X16) copt_gre_mt_inst_91228/A-->Z (max rising & falling positive_unate) is much less than the network impedance to ground; PrimeTime has adjusted the drive-resistance to improve accuracy. (RC-009)
Warning: The drive-resistance for the timing arc (NangateOpenCellLibrary/INV_X8) ZINV_1256_inst_54708/A-->ZN (min rising & falling negative_unate) is much less than the network impedance to ground; PrimeTime has adjusted the drive-resistance to improve accuracy. (RC-009)
Warning: The drive-resistance for the timing arc (NangateOpenCellLibrary/INV_X8) ZINV_1256_inst_54708/A-->ZN (max rising & falling negative_unate) is much less than the network impedance to ground; PrimeTime has adjusted the drive-resistance to improve accuracy. (RC-009)
Warning: The drive-resistance for the timing arc (NangateOpenCellLibrary/INV_X8) ZINV_141_inst_54703/A-->ZN (min rising & falling negative_unate) is much less than the network impedance to ground; PrimeTime has adjusted the drive-resistance to improve accuracy. (RC-009)
Warning: The drive-resistance for the timing arc (NangateOpenCellLibrary/INV_X16) ZINV_54_inst_54702/A-->ZN (min rising & falling negative_unate) is much less than the network impedance to ground; PrimeTime has adjusted the drive-resistance to improve accuracy. (RC-009)
Warning: The drive-resistance for the timing arc (NangateOpenCellLibrary/INV_X16) ZINV_20_inst_54701/A-->ZN (min rising & falling negative_unate) is much less than the network impedance to ground; PrimeTime has adjusted the drive-resistance to improve accuracy. (RC-009)
Warning: The drive-resistance for the timing arc (NangateOpenCellLibrary/INV_X16) ZINV_20_inst_54701/A-->ZN (max rising & falling negative_unate) is much less than the network impedance to ground; PrimeTime has adjusted the drive-resistance to improve accuracy. (RC-009)
Warning: The drive-resistance for the timing arc (NangateOpenCellLibrary/INV_X16) ZINV_22_inst_54709/A-->ZN (min rising & falling negative_unate) is much less than the network impedance to ground; PrimeTime has adjusted the drive-resistance to improve accuracy. (RC-009)
Warning: The drive-resistance for the timing arc (NangateOpenCellLibrary/INV_X16) ZINV_22_inst_54709/A-->ZN (max rising & falling negative_unate) is much less than the network impedance to ground; PrimeTime has adjusted the drive-resistance to improve accuracy. (RC-009)
Warning: The drive-resistance for the timing arc (NangateOpenCellLibrary/DFF_X2) _38196_/CK-->Q (min rising & falling rising_edge) is much less than the network impedance to ground; PrimeTime has adjusted the drive-resistance to improve accuracy. (RC-009)
Warning: The drive-resistance for the timing arc (NangateOpenCellLibrary/DFF_X2) _38196_/CK-->Q (max rising & falling rising_edge) is much less than the network impedance to ground; PrimeTime has adjusted the drive-resistance to improve accuracy. (RC-009)
Warning: Failed to compute C-effective for the timing arc (sram_32_1024_freepdk45_TT_1p0V_25C_lib/sram_32_1024_freepdk45) sram/clk0-->dout0[0] (max-rising falling_edge) because the library data is inconsistent with a linear driver-model. [r/f inp_slew = 0/0, out_cap = 39.6419  (lib units)] (RC-004)
Warning: Failed to compute C-effective for the timing arc (sram_32_1024_freepdk45_TT_1p0V_25C_lib/sram_32_1024_freepdk45) sram/clk0-->dout0[0] (max-falling falling_edge) because the library data is inconsistent with a linear driver-model. [r/f inp_slew = 0/0, out_cap = 39.5605  (lib units)] (RC-004)
Warning: Failed to compute C-effective for the timing arc (sram_32_1024_freepdk45_TT_1p0V_25C_lib/sram_32_1024_freepdk45) sram/clk0-->dout0[1] (max-rising falling_edge) because the library data is inconsistent with a linear driver-model. [r/f inp_slew = 0/0, out_cap = 49.1978  (lib units)] (RC-004)
Warning: Failed to compute C-effective for the timing arc (sram_32_1024_freepdk45_TT_1p0V_25C_lib/sram_32_1024_freepdk45) sram/clk0-->dout0[0] (min-rising falling_edge) because the library data is inconsistent with a linear driver-model. [r/f inp_slew = 0/0, out_cap = 39.6419  (lib units)] (RC-004)
Warning: Failed to compute C-effective for the timing arc (sram_32_1024_freepdk45_TT_1p0V_25C_lib/sram_32_1024_freepdk45) sram/clk0-->dout0[0] (min-falling falling_edge) because the library data is inconsistent with a linear driver-model. [r/f inp_slew = 0/0, out_cap = 39.5605  (lib units)] (RC-004)
Warning: Failed to compute C-effective for the timing arc (sram_32_1024_freepdk45_TT_1p0V_25C_lib/sram_32_1024_freepdk45) sram/clk0-->dout0[1] (max-falling falling_edge) because the library data is inconsistent with a linear driver-model. [r/f inp_slew = 0/0, out_cap = 49.1164  (lib units)] (RC-004)
Warning: Failed to compute C-effective for the timing arc (sram_32_1024_freepdk45_TT_1p0V_25C_lib/sram_32_1024_freepdk45) sram/clk0-->dout0[1] (min-rising falling_edge) because the library data is inconsistent with a linear driver-model. [r/f inp_slew = 0/0, out_cap = 49.1978  (lib units)] (RC-004)
Warning: Failed to compute C-effective for the timing arc (sram_32_1024_freepdk45_TT_1p0V_25C_lib/sram_32_1024_freepdk45) sram/clk0-->dout0[2] (max-rising falling_edge) because the library data is inconsistent with a linear driver-model. [r/f inp_slew = 0/0, out_cap = 52.6193  (lib units)] (RC-004)
Warning: Failed to compute C-effective for the timing arc (sram_32_1024_freepdk45_TT_1p0V_25C_lib/sram_32_1024_freepdk45) sram/clk0-->dout0[1] (min-falling falling_edge) because the library data is inconsistent with a linear driver-model. [r/f inp_slew = 0/0, out_cap = 49.1164  (lib units)] (RC-004)
Warning: Failed to compute C-effective for the timing arc (sram_32_1024_freepdk45_TT_1p0V_25C_lib/sram_32_1024_freepdk45) sram/clk0-->dout0[3] (max-rising falling_edge) because the library data is inconsistent with a linear driver-model. [r/f inp_slew = 0/0, out_cap = 54.357  (lib units)] (RC-004)
Warning: Failed to compute C-effective for the timing arc (sram_32_1024_freepdk45_TT_1p0V_25C_lib/sram_32_1024_freepdk45) sram/clk0-->dout0[4] (max-rising falling_edge) because the library data is inconsistent with a linear driver-model. [r/f inp_slew = 0/0, out_cap = 81.9821  (lib units)] (RC-004)
Warning: Failed to compute C-effective for the timing arc (sram_32_1024_freepdk45_TT_1p0V_25C_lib/sram_32_1024_freepdk45) sram/clk0-->dout0[2] (max-falling falling_edge) because the library data is inconsistent with a linear driver-model. [r/f inp_slew = 0/0, out_cap = 52.5379  (lib units)] (RC-004)
Warning: Failed to compute C-effective for the timing arc (sram_32_1024_freepdk45_TT_1p0V_25C_lib/sram_32_1024_freepdk45) sram/clk0-->dout0[4] (max-falling falling_edge) because the library data is inconsistent with a linear driver-model. [r/f inp_slew = 0/0, out_cap = 81.9007  (lib units)] (RC-004)
Warning: Failed to compute C-effective for the timing arc (sram_32_1024_freepdk45_TT_1p0V_25C_lib/sram_32_1024_freepdk45) sram/clk0-->dout0[3] (max-falling falling_edge) because the library data is inconsistent with a linear driver-model. [r/f inp_slew = 0/0, out_cap = 54.2755  (lib units)] (RC-004)
Warning: Failed to compute C-effective for the timing arc (sram_32_1024_freepdk45_TT_1p0V_25C_lib/sram_32_1024_freepdk45) sram/clk0-->dout0[4] (min-rising falling_edge) because the library data is inconsistent with a linear driver-model. [r/f inp_slew = 0/0, out_cap = 81.9821  (lib units)] (RC-004)
Warning: Failed to compute C-effective for the timing arc (sram_32_1024_freepdk45_TT_1p0V_25C_lib/sram_32_1024_freepdk45) sram/clk0-->dout0[5] (max-rising falling_edge) because the library data is inconsistent with a linear driver-model. [r/f inp_slew = 0/0, out_cap = 83.0288  (lib units)] (RC-004)
Warning: Failed to compute C-effective for the timing arc (sram_32_1024_freepdk45_TT_1p0V_25C_lib/sram_32_1024_freepdk45) sram/clk0-->dout0[4] (min-falling falling_edge) because the library data is inconsistent with a linear driver-model. [r/f inp_slew = 0/0, out_cap = 81.9007  (lib units)] (RC-004)
Warning: Failed to compute C-effective for the timing arc (sram_32_1024_freepdk45_TT_1p0V_25C_lib/sram_32_1024_freepdk45) sram/clk0-->dout0[2] (min-rising falling_edge) because the library data is inconsistent with a linear driver-model. [r/f inp_slew = 0/0, out_cap = 52.6193  (lib units)] (RC-004)
Warning: Failed to compute C-effective for the timing arc (sram_32_1024_freepdk45_TT_1p0V_25C_lib/sram_32_1024_freepdk45) sram/clk0-->dout0[5] (max-falling falling_edge) because the library data is inconsistent with a linear driver-model. [r/f inp_slew = 0/0, out_cap = 82.9474  (lib units)] (RC-004)
Warning: Failed to compute C-effective for the timing arc (sram_32_1024_freepdk45_TT_1p0V_25C_lib/sram_32_1024_freepdk45) sram/clk0-->dout0[3] (min-rising falling_edge) because the library data is inconsistent with a linear driver-model. [r/f inp_slew = 0/0, out_cap = 54.357  (lib units)] (RC-004)
Warning: Failed to compute C-effective for the timing arc (sram_32_1024_freepdk45_TT_1p0V_25C_lib/sram_32_1024_freepdk45) sram/clk0-->dout0[5] (min-rising falling_edge) because the library data is inconsistent with a linear driver-model. [r/f inp_slew = 0/0, out_cap = 83.0288  (lib units)] (RC-004)
Warning: Failed to compute C-effective for the timing arc (sram_32_1024_freepdk45_TT_1p0V_25C_lib/sram_32_1024_freepdk45) sram/clk0-->dout0[2] (min-falling falling_edge) because the library data is inconsistent with a linear driver-model. [r/f inp_slew = 0/0, out_cap = 52.5379  (lib units)] (RC-004)
Warning: Failed to compute C-effective for the timing arc (sram_32_1024_freepdk45_TT_1p0V_25C_lib/sram_32_1024_freepdk45) sram/clk0-->dout0[5] (min-falling falling_edge) because the library data is inconsistent with a linear driver-model. [r/f inp_slew = 0/0, out_cap = 82.9474  (lib units)] (RC-004)
Warning: Failed to compute C-effective for the timing arc (sram_32_1024_freepdk45_TT_1p0V_25C_lib/sram_32_1024_freepdk45) sram/clk0-->dout0[3] (min-falling falling_edge) because the library data is inconsistent with a linear driver-model. [r/f inp_slew = 0/0, out_cap = 54.2755  (lib units)] (RC-004)
Warning: Failed to compute C-effective for the timing arc (sram_32_1024_freepdk45_TT_1p0V_25C_lib/sram_32_1024_freepdk45) sram/clk0-->dout0[6] (max-rising falling_edge) because the library data is inconsistent with a linear driver-model. [r/f inp_slew = 0/0, out_cap = 22.252  (lib units)] (RC-004)
Warning: Failed to compute C-effective for the timing arc (sram_32_1024_freepdk45_TT_1p0V_25C_lib/sram_32_1024_freepdk45) sram/clk0-->dout0[6] (max-falling falling_edge) because the library data is inconsistent with a linear driver-model. [r/f inp_slew = 0/0, out_cap = 22.1705  (lib units)] (RC-004)
Warning: Failed to compute C-effective for the timing arc (sram_32_1024_freepdk45_TT_1p0V_25C_lib/sram_32_1024_freepdk45) sram/clk0-->dout0[6] (min-rising falling_edge) because the library data is inconsistent with a linear driver-model. [r/f inp_slew = 0/0, out_cap = 22.252  (lib units)] (RC-004)
Warning: Failed to compute C-effective for the timing arc (sram_32_1024_freepdk45_TT_1p0V_25C_lib/sram_32_1024_freepdk45) sram/clk0-->dout0[6] (min-falling falling_edge) because the library data is inconsistent with a linear driver-model. [r/f inp_slew = 0/0, out_cap = 22.1705  (lib units)] (RC-004)
Warning: Failed to compute C-effective for the timing arc (sram_32_1024_freepdk45_TT_1p0V_25C_lib/sram_32_1024_freepdk45) sram/clk0-->dout0[7] (max-rising falling_edge) because the library data is inconsistent with a linear driver-model. [r/f inp_slew = 0/0, out_cap = 35.9699  (lib units)] (RC-004)
Warning: Failed to compute C-effective for the timing arc (sram_32_1024_freepdk45_TT_1p0V_25C_lib/sram_32_1024_freepdk45) sram/clk0-->dout0[7] (max-falling falling_edge) because the library data is inconsistent with a linear driver-model. [r/f inp_slew = 0/0, out_cap = 35.8885  (lib units)] (RC-004)
Warning: Failed to compute C-effective for the timing arc (sram_32_1024_freepdk45_TT_1p0V_25C_lib/sram_32_1024_freepdk45) sram/clk0-->dout0[7] (min-rising falling_edge) because the library data is inconsistent with a linear driver-model. [r/f inp_slew = 0/0, out_cap = 35.9699  (lib units)] (RC-004)
Warning: Failed to compute C-effective for the timing arc (sram_32_1024_freepdk45_TT_1p0V_25C_lib/sram_32_1024_freepdk45) sram/clk0-->dout0[7] (min-falling falling_edge) because the library data is inconsistent with a linear driver-model. [r/f inp_slew = 0/0, out_cap = 35.8885  (lib units)] (RC-004)
Warning: Failed to compute C-effective for the timing arc (sram_32_1024_freepdk45_TT_1p0V_25C_lib/sram_32_1024_freepdk45) sram/clk0-->dout0[10] (max-rising falling_edge) because the library data is inconsistent with a linear driver-model. [r/f inp_slew = 0/0, out_cap = 79.5078  (lib units)] (RC-004)
Warning: Failed to compute C-effective for the timing arc (sram_32_1024_freepdk45_TT_1p0V_25C_lib/sram_32_1024_freepdk45) sram/clk0-->dout0[10] (max-falling falling_edge) because the library data is inconsistent with a linear driver-model. [r/f inp_slew = 0/0, out_cap = 79.4264  (lib units)] (RC-004)
Warning: Failed to compute C-effective for the timing arc (sram_32_1024_freepdk45_TT_1p0V_25C_lib/sram_32_1024_freepdk45) sram/clk0-->dout0[10] (min-rising falling_edge) because the library data is inconsistent with a linear driver-model. [r/f inp_slew = 0/0, out_cap = 79.5078  (lib units)] (RC-004)
Warning: Failed to compute C-effective for the timing arc (sram_32_1024_freepdk45_TT_1p0V_25C_lib/sram_32_1024_freepdk45) sram/clk0-->dout0[8] (max-rising falling_edge) because the library data is inconsistent with a linear driver-model. [r/f inp_slew = 0/0, out_cap = 24.2239  (lib units)] (RC-004)
Warning: Failed to compute C-effective for the timing arc (sram_32_1024_freepdk45_TT_1p0V_25C_lib/sram_32_1024_freepdk45) sram/clk0-->dout0[9] (max-rising falling_edge) because the library data is inconsistent with a linear driver-model. [r/f inp_slew = 0/0, out_cap = 80.2847  (lib units)] (RC-004)
Warning: Failed to compute C-effective for the timing arc (sram_32_1024_freepdk45_TT_1p0V_25C_lib/sram_32_1024_freepdk45) sram/clk0-->dout0[10] (min-falling falling_edge) because the library data is inconsistent with a linear driver-model. [r/f inp_slew = 0/0, out_cap = 79.4264  (lib units)] (RC-004)
Warning: Failed to compute C-effective for the timing arc (sram_32_1024_freepdk45_TT_1p0V_25C_lib/sram_32_1024_freepdk45) sram/clk0-->dout0[11] (max-rising falling_edge) because the library data is inconsistent with a linear driver-model. [r/f inp_slew = 0/0, out_cap = 64.1952  (lib units)] (RC-004)
Warning: Failed to compute C-effective for the timing arc (sram_32_1024_freepdk45_TT_1p0V_25C_lib/sram_32_1024_freepdk45) sram/clk0-->dout0[8] (max-falling falling_edge) because the library data is inconsistent with a linear driver-model. [r/f inp_slew = 0/0, out_cap = 24.1424  (lib units)] (RC-004)
Warning: Failed to compute C-effective for the timing arc (sram_32_1024_freepdk45_TT_1p0V_25C_lib/sram_32_1024_freepdk45) sram/clk0-->dout0[11] (max-falling falling_edge) because the library data is inconsistent with a linear driver-model. [r/f inp_slew = 0/0, out_cap = 64.1138  (lib units)] (RC-004)
Warning: Failed to compute C-effective for the timing arc (sram_32_1024_freepdk45_TT_1p0V_25C_lib/sram_32_1024_freepdk45) sram/clk0-->dout0[9] (max-falling falling_edge) because the library data is inconsistent with a linear driver-model. [r/f inp_slew = 0/0, out_cap = 80.2033  (lib units)] (RC-004)
Warning: Failed to compute C-effective for the timing arc (sram_32_1024_freepdk45_TT_1p0V_25C_lib/sram_32_1024_freepdk45) sram/clk0-->dout0[11] (min-rising falling_edge) because the library data is inconsistent with a linear driver-model. [r/f inp_slew = 0/0, out_cap = 64.1952  (lib units)] (RC-004)
Warning: Failed to compute C-effective for the timing arc (sram_32_1024_freepdk45_TT_1p0V_25C_lib/sram_32_1024_freepdk45) sram/clk0-->dout0[11] (min-falling falling_edge) because the library data is inconsistent with a linear driver-model. [r/f inp_slew = 0/0, out_cap = 64.1138  (lib units)] (RC-004)
Warning: Failed to compute C-effective for the timing arc (sram_32_1024_freepdk45_TT_1p0V_25C_lib/sram_32_1024_freepdk45) sram/clk0-->dout0[8] (min-rising falling_edge) because the library data is inconsistent with a linear driver-model. [r/f inp_slew = 0/0, out_cap = 24.2239  (lib units)] (RC-004)
Warning: Failed to compute C-effective for the timing arc (sram_32_1024_freepdk45_TT_1p0V_25C_lib/sram_32_1024_freepdk45) sram/clk0-->dout0[12] (max-rising falling_edge) because the library data is inconsistent with a linear driver-model. [r/f inp_slew = 0/0, out_cap = 44.436  (lib units)] (RC-004)
Warning: Failed to compute C-effective for the timing arc (sram_32_1024_freepdk45_TT_1p0V_25C_lib/sram_32_1024_freepdk45) sram/clk0-->dout0[9] (min-rising falling_edge) because the library data is inconsistent with a linear driver-model. [r/f inp_slew = 0/0, out_cap = 80.2847  (lib units)] (RC-004)
Warning: Failed to compute C-effective for the timing arc (sram_32_1024_freepdk45_TT_1p0V_25C_lib/sram_32_1024_freepdk45) sram/clk0-->dout0[12] (max-falling falling_edge) because the library data is inconsistent with a linear driver-model. [r/f inp_slew = 0/0, out_cap = 44.3546  (lib units)] (RC-004)
Warning: Failed to compute C-effective for the timing arc (sram_32_1024_freepdk45_TT_1p0V_25C_lib/sram_32_1024_freepdk45) sram/clk0-->dout0[8] (min-falling falling_edge) because the library data is inconsistent with a linear driver-model. [r/f inp_slew = 0/0, out_cap = 24.1424  (lib units)] (RC-004)
Warning: Failed to compute C-effective for the timing arc (sram_32_1024_freepdk45_TT_1p0V_25C_lib/sram_32_1024_freepdk45) sram/clk0-->dout0[12] (min-rising falling_edge) because the library data is inconsistent with a linear driver-model. [r/f inp_slew = 0/0, out_cap = 44.436  (lib units)] (RC-004)
Warning: Failed to compute C-effective for the timing arc (sram_32_1024_freepdk45_TT_1p0V_25C_lib/sram_32_1024_freepdk45) sram/clk0-->dout0[9] (min-falling falling_edge) because the library data is inconsistent with a linear driver-model. [r/f inp_slew = 0/0, out_cap = 80.2033  (lib units)] (RC-004)
Warning: Failed to compute C-effective for the timing arc (sram_32_1024_freepdk45_TT_1p0V_25C_lib/sram_32_1024_freepdk45) sram/clk0-->dout0[13] (max-rising falling_edge) because the library data is inconsistent with a linear driver-model. [r/f inp_slew = 0/0, out_cap = 91.8382  (lib units)] (RC-004)
Warning: Failed to compute C-effective for the timing arc (sram_32_1024_freepdk45_TT_1p0V_25C_lib/sram_32_1024_freepdk45) sram/clk0-->dout0[12] (min-falling falling_edge) because the library data is inconsistent with a linear driver-model. [r/f inp_slew = 0/0, out_cap = 44.3546  (lib units)] (RC-004)
Warning: Failed to compute C-effective for the timing arc (sram_32_1024_freepdk45_TT_1p0V_25C_lib/sram_32_1024_freepdk45) sram/clk0-->dout0[13] (max-falling falling_edge) because the library data is inconsistent with a linear driver-model. [r/f inp_slew = 0/0, out_cap = 91.7567  (lib units)] (RC-004)
Warning: Failed to compute C-effective for the timing arc (sram_32_1024_freepdk45_TT_1p0V_25C_lib/sram_32_1024_freepdk45) sram/clk0-->dout0[13] (min-rising falling_edge) because the library data is inconsistent with a linear driver-model. [r/f inp_slew = 0/0, out_cap = 91.8382  (lib units)] (RC-004)
Warning: Failed to compute C-effective for the timing arc (sram_32_1024_freepdk45_TT_1p0V_25C_lib/sram_32_1024_freepdk45) sram/clk0-->dout0[13] (min-falling falling_edge) because the library data is inconsistent with a linear driver-model. [r/f inp_slew = 0/0, out_cap = 91.7567  (lib units)] (RC-004)
Warning: Failed to compute C-effective for the timing arc (sram_32_1024_freepdk45_TT_1p0V_25C_lib/sram_32_1024_freepdk45) sram/clk0-->dout0[14] (max-rising falling_edge) because the library data is inconsistent with a linear driver-model. [r/f inp_slew = 0/0, out_cap = 106.629  (lib units)] (RC-004)
Warning: Failed to compute C-effective for the timing arc (sram_32_1024_freepdk45_TT_1p0V_25C_lib/sram_32_1024_freepdk45) sram/clk0-->dout0[14] (max-falling falling_edge) because the library data is inconsistent with a linear driver-model. [r/f inp_slew = 0/0, out_cap = 106.547  (lib units)] (RC-004)
Warning: Failed to compute C-effective for the timing arc (sram_32_1024_freepdk45_TT_1p0V_25C_lib/sram_32_1024_freepdk45) sram/clk0-->dout0[14] (min-rising falling_edge) because the library data is inconsistent with a linear driver-model. [r/f inp_slew = 0/0, out_cap = 106.629  (lib units)] (RC-004)
Warning: Failed to compute C-effective for the timing arc (sram_32_1024_freepdk45_TT_1p0V_25C_lib/sram_32_1024_freepdk45) sram/clk0-->dout0[16] (max-rising falling_edge) because the library data is inconsistent with a linear driver-model. [r/f inp_slew = 0/0, out_cap = 21.0731  (lib units)] (RC-004)
Warning: Failed to compute C-effective for the timing arc (sram_32_1024_freepdk45_TT_1p0V_25C_lib/sram_32_1024_freepdk45) sram/clk0-->dout0[14] (min-falling falling_edge) because the library data is inconsistent with a linear driver-model. [r/f inp_slew = 0/0, out_cap = 106.547  (lib units)] (RC-004)
Warning: Failed to compute C-effective for the timing arc (sram_32_1024_freepdk45_TT_1p0V_25C_lib/sram_32_1024_freepdk45) sram/clk0-->dout0[16] (max-falling falling_edge) because the library data is inconsistent with a linear driver-model. [r/f inp_slew = 0/0, out_cap = 20.9916  (lib units)] (RC-004)
Warning: Failed to compute C-effective for the timing arc (sram_32_1024_freepdk45_TT_1p0V_25C_lib/sram_32_1024_freepdk45) sram/clk0-->dout0[16] (min-rising falling_edge) because the library data is inconsistent with a linear driver-model. [r/f inp_slew = 0/0, out_cap = 21.0731  (lib units)] (RC-004)
Warning: Failed to compute C-effective for the timing arc (sram_32_1024_freepdk45_TT_1p0V_25C_lib/sram_32_1024_freepdk45) sram/clk0-->dout0[16] (min-falling falling_edge) because the library data is inconsistent with a linear driver-model. [r/f inp_slew = 0/0, out_cap = 20.9916  (lib units)] (RC-004)
Warning: Failed to compute C-effective for the timing arc (sram_32_1024_freepdk45_TT_1p0V_25C_lib/sram_32_1024_freepdk45) sram/clk0-->dout0[15] (max-rising falling_edge) because the library data is inconsistent with a linear driver-model. [r/f inp_slew = 0/0, out_cap = 68.1165  (lib units)] (RC-004)
Warning: Failed to compute C-effective for the timing arc (sram_32_1024_freepdk45_TT_1p0V_25C_lib/sram_32_1024_freepdk45) sram/clk0-->dout0[17] (max-rising falling_edge) because the library data is inconsistent with a linear driver-model. [r/f inp_slew = 0/0, out_cap = 28.3186  (lib units)] (RC-004)
Warning: Failed to compute C-effective for the timing arc (sram_32_1024_freepdk45_TT_1p0V_25C_lib/sram_32_1024_freepdk45) sram/clk0-->dout0[19] (max-rising falling_edge) because the library data is inconsistent with a linear driver-model. [r/f inp_slew = 0/0, out_cap = 33.5238  (lib units)] (RC-004)
Warning: Failed to compute C-effective for the timing arc (sram_32_1024_freepdk45_TT_1p0V_25C_lib/sram_32_1024_freepdk45) sram/clk0-->dout0[15] (max-falling falling_edge) because the library data is inconsistent with a linear driver-model. [r/f inp_slew = 0/0, out_cap = 68.0351  (lib units)] (RC-004)
Warning: Failed to compute C-effective for the timing arc (sram_32_1024_freepdk45_TT_1p0V_25C_lib/sram_32_1024_freepdk45) sram/clk0-->dout0[19] (max-falling falling_edge) because the library data is inconsistent with a linear driver-model. [r/f inp_slew = 0/0, out_cap = 33.4423  (lib units)] (RC-004)
Warning: Failed to compute C-effective for the timing arc (sram_32_1024_freepdk45_TT_1p0V_25C_lib/sram_32_1024_freepdk45) sram/clk0-->dout0[17] (max-falling falling_edge) because the library data is inconsistent with a linear driver-model. [r/f inp_slew = 0/0, out_cap = 28.2371  (lib units)] (RC-004)
Warning: Failed to compute C-effective for the timing arc (sram_32_1024_freepdk45_TT_1p0V_25C_lib/sram_32_1024_freepdk45) sram/clk0-->dout0[19] (min-rising falling_edge) because the library data is inconsistent with a linear driver-model. [r/f inp_slew = 0/0, out_cap = 33.5238  (lib units)] (RC-004)
Warning: Failed to compute C-effective for the timing arc (sram_32_1024_freepdk45_TT_1p0V_25C_lib/sram_32_1024_freepdk45) sram/clk0-->dout0[19] (min-falling falling_edge) because the library data is inconsistent with a linear driver-model. [r/f inp_slew = 0/0, out_cap = 33.4423  (lib units)] (RC-004)
Warning: Failed to compute C-effective for the timing arc (sram_32_1024_freepdk45_TT_1p0V_25C_lib/sram_32_1024_freepdk45) sram/clk0-->dout0[15] (min-rising falling_edge) because the library data is inconsistent with a linear driver-model. [r/f inp_slew = 0/0, out_cap = 68.1165  (lib units)] (RC-004)
Warning: Failed to compute C-effective for the timing arc (sram_32_1024_freepdk45_TT_1p0V_25C_lib/sram_32_1024_freepdk45) sram/clk0-->dout0[17] (min-rising falling_edge) because the library data is inconsistent with a linear driver-model. [r/f inp_slew = 0/0, out_cap = 28.3186  (lib units)] (RC-004)
Warning: Failed to compute C-effective for the timing arc (sram_32_1024_freepdk45_TT_1p0V_25C_lib/sram_32_1024_freepdk45) sram/clk0-->dout0[15] (min-falling falling_edge) because the library data is inconsistent with a linear driver-model. [r/f inp_slew = 0/0, out_cap = 68.0351  (lib units)] (RC-004)
Warning: Failed to compute C-effective for the timing arc (sram_32_1024_freepdk45_TT_1p0V_25C_lib/sram_32_1024_freepdk45) sram/clk0-->dout0[17] (min-falling falling_edge) because the library data is inconsistent with a linear driver-model. [r/f inp_slew = 0/0, out_cap = 28.2371  (lib units)] (RC-004)
Warning: Failed to compute C-effective for the timing arc (sram_32_1024_freepdk45_TT_1p0V_25C_lib/sram_32_1024_freepdk45) sram/clk0-->dout0[20] (max-rising falling_edge) because the library data is inconsistent with a linear driver-model. [r/f inp_slew = 0/0, out_cap = 65.6589  (lib units)] (RC-004)
Warning: Failed to compute C-effective for the timing arc (sram_32_1024_freepdk45_TT_1p0V_25C_lib/sram_32_1024_freepdk45) sram/clk0-->dout0[20] (max-falling falling_edge) because the library data is inconsistent with a linear driver-model. [r/f inp_slew = 0/0, out_cap = 65.5775  (lib units)] (RC-004)
Warning: Failed to compute C-effective for the timing arc (sram_32_1024_freepdk45_TT_1p0V_25C_lib/sram_32_1024_freepdk45) sram/clk0-->dout0[21] (max-rising falling_edge) because the library data is inconsistent with a linear driver-model. [r/f inp_slew = 0/0, out_cap = 71.8169  (lib units)] (RC-004)
Warning: Failed to compute C-effective for the timing arc (sram_32_1024_freepdk45_TT_1p0V_25C_lib/sram_32_1024_freepdk45) sram/clk0-->dout0[20] (min-rising falling_edge) because the library data is inconsistent with a linear driver-model. [r/f inp_slew = 0/0, out_cap = 65.6589  (lib units)] (RC-004)
Warning: Failed to compute C-effective for the timing arc (sram_32_1024_freepdk45_TT_1p0V_25C_lib/sram_32_1024_freepdk45) sram/clk0-->dout0[21] (max-falling falling_edge) because the library data is inconsistent with a linear driver-model. [r/f inp_slew = 0/0, out_cap = 71.7355  (lib units)] (RC-004)
Warning: Failed to compute C-effective for the timing arc (sram_32_1024_freepdk45_TT_1p0V_25C_lib/sram_32_1024_freepdk45) sram/clk0-->dout0[20] (min-falling falling_edge) because the library data is inconsistent with a linear driver-model. [r/f inp_slew = 0/0, out_cap = 65.5775  (lib units)] (RC-004)
Warning: Failed to compute C-effective for the timing arc (sram_32_1024_freepdk45_TT_1p0V_25C_lib/sram_32_1024_freepdk45) sram/clk0-->dout0[21] (min-rising falling_edge) because the library data is inconsistent with a linear driver-model. [r/f inp_slew = 0/0, out_cap = 71.8169  (lib units)] (RC-004)
Warning: Failed to compute C-effective for the timing arc (sram_32_1024_freepdk45_TT_1p0V_25C_lib/sram_32_1024_freepdk45) sram/clk0-->dout0[21] (min-falling falling_edge) because the library data is inconsistent with a linear driver-model. [r/f inp_slew = 0/0, out_cap = 71.7355  (lib units)] (RC-004)
Warning: Failed to compute C-effective for the timing arc (sram_32_1024_freepdk45_TT_1p0V_25C_lib/sram_32_1024_freepdk45) sram/clk0-->dout0[22] (max-rising falling_edge) because the library data is inconsistent with a linear driver-model. [r/f inp_slew = 0/0, out_cap = 71.7433  (lib units)] (RC-004)
Warning: Failed to compute C-effective for the timing arc (sram_32_1024_freepdk45_TT_1p0V_25C_lib/sram_32_1024_freepdk45) sram/clk0-->dout0[23] (max-rising falling_edge) because the library data is inconsistent with a linear driver-model. [r/f inp_slew = 0/0, out_cap = 70.1909  (lib units)] (RC-004)
Warning: Failed to compute C-effective for the timing arc (sram_32_1024_freepdk45_TT_1p0V_25C_lib/sram_32_1024_freepdk45) sram/clk0-->dout0[22] (max-falling falling_edge) because the library data is inconsistent with a linear driver-model. [r/f inp_slew = 0/0, out_cap = 71.6619  (lib units)] (RC-004)
Warning: Failed to compute C-effective for the timing arc (sram_32_1024_freepdk45_TT_1p0V_25C_lib/sram_32_1024_freepdk45) sram/clk0-->dout0[23] (max-falling falling_edge) because the library data is inconsistent with a linear driver-model. [r/f inp_slew = 0/0, out_cap = 70.1095  (lib units)] (RC-004)
Warning: Failed to compute C-effective for the timing arc (sram_32_1024_freepdk45_TT_1p0V_25C_lib/sram_32_1024_freepdk45) sram/clk0-->dout0[22] (min-rising falling_edge) because the library data is inconsistent with a linear driver-model. [r/f inp_slew = 0/0, out_cap = 71.7433  (lib units)] (RC-004)
Warning: Failed to compute C-effective for the timing arc (sram_32_1024_freepdk45_TT_1p0V_25C_lib/sram_32_1024_freepdk45) sram/clk0-->dout0[23] (min-rising falling_edge) because the library data is inconsistent with a linear driver-model. [r/f inp_slew = 0/0, out_cap = 70.1909  (lib units)] (RC-004)
Warning: Failed to compute C-effective for the timing arc (sram_32_1024_freepdk45_TT_1p0V_25C_lib/sram_32_1024_freepdk45) sram/clk0-->dout0[22] (min-falling falling_edge) because the library data is inconsistent with a linear driver-model. [r/f inp_slew = 0/0, out_cap = 71.6619  (lib units)] (RC-004)
Warning: Failed to compute C-effective for the timing arc (sram_32_1024_freepdk45_TT_1p0V_25C_lib/sram_32_1024_freepdk45) sram/clk0-->dout0[26] (max-rising falling_edge) because the library data is inconsistent with a linear driver-model. [r/f inp_slew = 0/0, out_cap = 66.5075  (lib units)] (RC-004)
Warning: Failed to compute C-effective for the timing arc (sram_32_1024_freepdk45_TT_1p0V_25C_lib/sram_32_1024_freepdk45) sram/clk0-->dout0[23] (min-falling falling_edge) because the library data is inconsistent with a linear driver-model. [r/f inp_slew = 0/0, out_cap = 70.1095  (lib units)] (RC-004)
Warning: Failed to compute C-effective for the timing arc (sram_32_1024_freepdk45_TT_1p0V_25C_lib/sram_32_1024_freepdk45) sram/clk0-->dout0[26] (max-falling falling_edge) because the library data is inconsistent with a linear driver-model. [r/f inp_slew = 0/0, out_cap = 66.4261  (lib units)] (RC-004)
Warning: Failed to compute C-effective for the timing arc (sram_32_1024_freepdk45_TT_1p0V_25C_lib/sram_32_1024_freepdk45) sram/clk0-->dout0[27] (max-rising falling_edge) because the library data is inconsistent with a linear driver-model. [r/f inp_slew = 0/0, out_cap = 84.4411  (lib units)] (RC-004)
Warning: Failed to compute C-effective for the timing arc (sram_32_1024_freepdk45_TT_1p0V_25C_lib/sram_32_1024_freepdk45) sram/clk0-->dout0[26] (min-rising falling_edge) because the library data is inconsistent with a linear driver-model. [r/f inp_slew = 0/0, out_cap = 66.5075  (lib units)] (RC-004)
Warning: Failed to compute C-effective for the timing arc (sram_32_1024_freepdk45_TT_1p0V_25C_lib/sram_32_1024_freepdk45) sram/clk0-->dout0[27] (max-falling falling_edge) because the library data is inconsistent with a linear driver-model. [r/f inp_slew = 0/0, out_cap = 84.3597  (lib units)] (RC-004)
Warning: Failed to compute C-effective for the timing arc (sram_32_1024_freepdk45_TT_1p0V_25C_lib/sram_32_1024_freepdk45) sram/clk0-->dout0[26] (min-falling falling_edge) because the library data is inconsistent with a linear driver-model. [r/f inp_slew = 0/0, out_cap = 66.4261  (lib units)] (RC-004)
Warning: Failed to compute C-effective for the timing arc (sram_32_1024_freepdk45_TT_1p0V_25C_lib/sram_32_1024_freepdk45) sram/clk0-->dout0[27] (min-rising falling_edge) because the library data is inconsistent with a linear driver-model. [r/f inp_slew = 0/0, out_cap = 84.4411  (lib units)] (RC-004)
Warning: Failed to compute C-effective for the timing arc (sram_32_1024_freepdk45_TT_1p0V_25C_lib/sram_32_1024_freepdk45) sram/clk0-->dout0[27] (min-falling falling_edge) because the library data is inconsistent with a linear driver-model. [r/f inp_slew = 0/0, out_cap = 84.3597  (lib units)] (RC-004)
Warning: The drive-resistance for the timing arc (NangateOpenCellLibrary/DFF_X2) _33596_/CK-->Q (min rising & falling rising_edge) is much less than the network impedance to ground; PrimeTime has adjusted the drive-resistance to improve accuracy. (RC-009)
****************************************
Report : analysis_coverage
Design : raven_wrapper
Version: U-2022.12-SP3
Date   : Thu Dec 25 17:55:53 2025
****************************************

Type of Check         Total              Met         Violated         Untested
--------------------------------------------------------------------------------
setup                  5427      5426 (100%)         0 (  0%)         1 (  0%)
hold                   5427      5426 (100%)         0 (  0%)         1 (  0%)
recovery                 35         0 (  0%)         0 (  0%)        35 (100%)
removal                  35         0 (  0%)         0 (  0%)        35 (100%)
min_period                1         1 (100%)         0 (  0%)         0 (  0%)
min_pulse_width       10803     10768 (100%)         0 (  0%)        35 (  0%)
clock_gating_setup       12        12 (100%)         0 (  0%)         0 (  0%)
clock_gating_hold        12         8 ( 67%)         4 ( 33%)         0 (  0%)
--------------------------------------------------------------------------------
All Checks            21752     21641 ( 99%)         4 (  0%)       107 (  0%)

1
