****************************************
Report : timing
	-path_type full
	-delay_type max
	-input_pins
	-nets
	-max_paths 1
	-transition_time
	-capacitance
	-sort_by slack
Design : raven_wrapper
Version: U-2022.12-SP3
Date   : Thu Dec 25 17:55:53 2025
****************************************


  Startpoint: _20734_ (rising edge-triggered flip-flop clocked by ext_clk)
  Endpoint: _19970_ (rising clock gating-check end-point clocked by ext_clk')
  Path Group: **clock_gating_default**
  Path Type: max

  Point                       Fanout    Cap      Trans       Incr       Path
  -----------------------------------------------------------------------------
  clock ext_clk (rise edge)                     0.0000     0.0000     0.0000
  clock network delay (ideal)                              0.0000     0.0000
  _20734_/CK (DFF_X1)                           0.0000     0.0000     0.0000 r
  _20734_/Q (DFF_X1)                            0.0081     0.0821 &   0.0821 f
  core1.pll_output_dest[1] (net)    1   3.6165 
  gre_BUF_4_inst_92973/A (BUF_X4)               0.0081     0.0004 &   0.0825 f
  gre_BUF_4_inst_92973/Z (BUF_X4)               0.0083     0.0263 &   0.1088 f
  gre_BUF_4_1786 (net)           1  19.6075 
  ZBUF_178_inst_78154/A (BUF_X16)               0.0143     0.0095 &   0.1183 f
  ZBUF_178_inst_78154/Z (BUF_X16)               0.0053     0.0269 &   0.1452 f
  ZBUF_178_347 (net)             2 219.3561 
  ctmTdsLR_1_78366/A (BUF_X32)                  0.1370     0.1405 &   0.2857 f
  ctmTdsLR_1_78366/Z (BUF_X32)                  0.0111     0.0616 &   0.3473 f
  ZBUF_84_346 (net)              4 254.6607 
  ctmTdsLR_4_78335/A1 (NAND2_X4)                0.1412     0.1436 &   0.4909 f
  ctmTdsLR_4_78335/ZN (NAND2_X4)                0.0373     0.0515 &   0.5425 r
  copt_net_1203 (net)            1  11.9407 
  ctmTdsLR_1_78336/A (INV_X8)                   0.0374     0.0021 &   0.5446 r
  ctmTdsLR_1_78336/ZN (INV_X8)                  0.0130     0.0132 &   0.5578 f
  ZBUF_95_1573 (net)             1  23.7226 
  ZBUF_56_inst_68442/A (BUF_X32)                0.0141     0.0040 &   0.5619 f
  ZBUF_56_inst_68442/Z (BUF_X32)                0.0048     0.0257 &   0.5875 f
  ZBUF_56_1573 (net)             2 456.6008 
  _19970_/B2 (OAI21_X4)                         0.2979     0.3206 &   0.9081 f
  data arrival time                                                   0.9081

  clock ext_clk' (rise edge)                    0.0000     2.0000     2.0000
  clock network delay (ideal)                              0.0000     2.0000
  clock reconvergence pessimism                            0.0000     2.0000
  _19970_/A (OAI21_X4)                                                2.0000 r
  clock gating setup time                                  0.0000     2.0000
  data required time                                                  2.0000
  -----------------------------------------------------------------------------
  data required time                                                  2.0000
  data arrival time                                                  -0.9081
  -----------------------------------------------------------------------------
  slack (MET)                                                         1.0919


1
