Warning: Design 'vsdcaravel' has '3' unresolved references. For more detailed information, use the "link" command. (UID-341)
 
****************************************
Report : area
Design : vsdcaravel
Version: T-2022.03-SP5
Date   : Fri Dec 12 16:25:13 2025
****************************************

Library(s) Used:

    tsl18fs120_scl_ff (File: /home/Synopsys/pdk/SCL_PDK_3/SCLPDK_V3.0_KIT/scl180/stdcell/fs120/4M1IL/liberty/lib_flow_ff/tsl18fs120_scl_ff.db)
    tsl18cio250_min (File: /home/Synopsys/pdk/SCL_PDK_3/SCLPDK_V3.0_KIT/scl180/iopad/cio250/4M1L/liberty/tsl18cio250_min.db)

Number of ports:                        14252
Number of nets:                         38594
Number of cells:                        31109
Number of combinational cells:          18479
Number of sequential cells:              6887
Number of macros/black boxes:              19
Number of buf/inv:                       3589
Number of references:                       2

Combinational area:             342318.940044
Buf/Inv area:                    29165.099878
Noncombinational area:          431036.399128
Macro/Black Box area:             3986.640190
Net Interconnect area:           31799.746941

Total cell area:                777341.979362
Total area:                     809141.726303

Information: This design contains black box (unknown) components. (RPT-8)
1
