 
****************************************
Report : power
        -analysis_effort low
Design : vsdcaravel
Version: T-2022.03-SP5
Date   : Thu Dec 25 15:57:34 2025
****************************************


Library(s) Used:

    tsl18fs120_scl_ff (File: /home/Synopsys/pdk/SCL_PDK_3/SCLPDK_V3.0_KIT/scl180/stdcell/fs120/4M1IL/liberty/lib_flow_ff/tsl18fs120_scl_ff.db)
    gtech (File: /home/Synopsys/tools/syn/T-2022.03-SP5/libraries/syn/gtech.db)
    tsl18cio250_min (File: /home/Synopsys/pdk/SCL_PDK_3/SCLPDK_V3.0_KIT/scl180/iopad/cio250/4M1L/liberty/tsl18cio250_min.db)


Operating Conditions: tsl18cio250_min   Library: tsl18cio250_min
Wire Load Model Mode: enclosed

Design        Wire Load Model            Library
------------------------------------------------
vsdcaravel             ForQA             tsl18cio250_min
chip_io                35000             tsl18cio250_min
caravel_core           ForQA             tsl18cio250_min
mprj_io                ForQA             tsl18cio250_min
mgmt_core_wrapper      ForQA             tsl18cio250_min
caravel_clocking       4000              tsl18cio250_min
digital_pll            8000              tsl18cio250_min
housekeeping           ForQA             tsl18cio250_min
gpio_control_block_0   4000              tsl18cio250_min
xres_buf               ForQA             tsl18cio250_min
spare_logic_block_0    ForQA             tsl18cio250_min
mgmt_core              ForQA             tsl18cio250_min
ring_osc2x13           4000              tsl18cio250_min
digital_pll_controller 4000              tsl18cio250_min
RAM256                 ForQA             tsl18cio250_min
delay_stage_0          ForQA             tsl18cio250_min
start_stage            4000              tsl18cio250_min
gpio_control_block_1   4000              tsl18cio250_min
gpio_control_block_2   4000              tsl18cio250_min
gpio_control_block_3   4000              tsl18cio250_min
gpio_control_block_4   4000              tsl18cio250_min
gpio_control_block_5   4000              tsl18cio250_min
gpio_control_block_6   4000              tsl18cio250_min
gpio_control_block_7   4000              tsl18cio250_min
gpio_control_block_8   4000              tsl18cio250_min
gpio_control_block_9   4000              tsl18cio250_min
gpio_control_block_10  4000              tsl18cio250_min
gpio_control_block_11  4000              tsl18cio250_min
gpio_control_block_12  4000              tsl18cio250_min
gpio_control_block_13  4000              tsl18cio250_min
gpio_control_block_14  4000              tsl18cio250_min
gpio_control_block_15  4000              tsl18cio250_min
gpio_control_block_16  4000              tsl18cio250_min
gpio_control_block_17  4000              tsl18cio250_min
gpio_control_block_18  4000              tsl18cio250_min
gpio_control_block_19  4000              tsl18cio250_min
gpio_control_block_20  4000              tsl18cio250_min
gpio_control_block_21  4000              tsl18cio250_min
gpio_control_block_22  4000              tsl18cio250_min
gpio_control_block_23  4000              tsl18cio250_min
gpio_control_block_24  4000              tsl18cio250_min
gpio_control_block_25  4000              tsl18cio250_min
gpio_control_block_26  4000              tsl18cio250_min
gpio_control_block_27  4000              tsl18cio250_min
gpio_control_block_28  4000              tsl18cio250_min
gpio_control_block_29  4000              tsl18cio250_min
gpio_control_block_30  4000              tsl18cio250_min
gpio_control_block_31  4000              tsl18cio250_min
gpio_control_block_32  4000              tsl18cio250_min
gpio_control_block_33  4000              tsl18cio250_min
gpio_control_block_34  4000              tsl18cio250_min
gpio_control_block_35  4000              tsl18cio250_min
gpio_control_block_36  4000              tsl18cio250_min
gpio_control_block_37  4000              tsl18cio250_min
spare_logic_block_1    ForQA             tsl18cio250_min
spare_logic_block_2    ForQA             tsl18cio250_min
spare_logic_block_3    ForQA             tsl18cio250_min
delay_stage_1          ForQA             tsl18cio250_min
delay_stage_2          ForQA             tsl18cio250_min
delay_stage_3          ForQA             tsl18cio250_min
delay_stage_4          ForQA             tsl18cio250_min
delay_stage_5          ForQA             tsl18cio250_min
delay_stage_6          ForQA             tsl18cio250_min
delay_stage_7          ForQA             tsl18cio250_min
delay_stage_8          ForQA             tsl18cio250_min
delay_stage_9          ForQA             tsl18cio250_min
delay_stage_10         ForQA             tsl18cio250_min
delay_stage_11         ForQA             tsl18cio250_min
housekeeping_DW_decode_en_0
                       ForQA             tsl18cio250_min
digital_pll_controller_DP_OP_20_122_7403_0
                       4000              tsl18cio250_min
digital_pll_controller_DP_OP_19_128_3538_0
                       4000              tsl18cio250_min
mgmt_core_DW01_add_6   ForQA             tsl18cio250_min
mgmt_core_DW01_add_7   ForQA             tsl18cio250_min


Global Operating Voltage = 1.98 
Power-specific unit information :
    Voltage Units = 1V
    Capacitance Units = 1.000000pf
    Time Units = 1ns
    Dynamic Power Units = 1mW    (derived from V,C,T units)
    Leakage Power Units = 1pW


Attributes
----------
i - Including register clock pin internal power


  Cell Internal Power  =   1.4599 mW   (39%)
  Net Switching Power  =   2.2877 mW   (61%)
                         ---------
Total Dynamic Power    =   3.7476 mW  (100%)

Cell Leakage Power     =  83.5568 nW


                 Internal         Switching           Leakage            Total
Power Group      Power            Power               Power              Power   (   %    )  Attrs
--------------------------------------------------------------------------------------------------
io_pad             1.4087        3.8373e-03        5.6230e+04            1.4126  (  53.88%)
memory             0.0000            0.0000            0.0000            0.0000  (   0.00%)
black_box          0.0000        2.0675e-03           62.7200        2.0675e-03  (   0.08%)
clock_network  2.2648e-02            0.6205          394.2700            0.6432  (  24.53%)  i
register       2.4798e-02        5.1748e-03        1.8645e+04        2.9992e-02  (   1.14%)
sequential         0.0000            0.0000        2.2510e+03        2.2510e-06  (   0.00%)
combinational  3.7256e-03            0.5303        5.9738e+03            0.5340  (  20.37%)
--------------------------------------------------------------------------------------------------
Total              1.4599 mW         1.1619 mW     8.3557e+04 pW         2.6219 mW
1
