Warning: Design 'vsdcaravel' has '1' unresolved references. For more detailed information, use the "link" command. (UID-341)
 
****************************************
Report : timing
        -path full
        -delay max
        -max_paths 10
Design : vsdcaravel
Version: T-2022.03-SP5
Date   : Thu Dec 25 15:57:34 2025
****************************************

Operating Conditions: tsl18cio250_min   Library: tsl18cio250_min
Wire Load Model Mode: enclosed

  Startpoint: padframe/gpio_pad/PAD (internal pin)
  Endpoint: gpio (output port)
  Path Group: (none)
  Path Type: max

  Des/Clust/Port     Wire Load Model       Library
  ------------------------------------------------
  vsdcaravel         ForQA                 tsl18cio250_min

  Point                                    Incr       Path
  -----------------------------------------------------------
  padframe/gpio_pad/PAD (pc3b03ed)         0.00       0.00 r
  padframe/gpio (chip_io)                  0.00       0.00 r
  gpio (inout)                             0.00       0.00 r
  data arrival time                                   0.00
  -----------------------------------------------------------
  (Path is unconstrained)


  Startpoint: padframe/mprj_pads/area2_io_pad/PAD[37] (internal pin)
  Endpoint: mprj_io[37]
            (output port clocked by clk)
  Path Group: (none)
  Path Type: max

  Des/Clust/Port     Wire Load Model       Library
  ------------------------------------------------
  vsdcaravel         ForQA                 tsl18cio250_min

  Point                                                   Incr       Path
  --------------------------------------------------------------------------
  padframe/mprj_pads/area2_io_pad/PAD[37] (pc3b03ed_wrapper)
                                                          0.00       0.00 r
  padframe/mprj_pads/io[37] (mprj_io)                     0.00       0.00 r
  padframe/mprj_io[37] (chip_io)                          0.00       0.00 r
  mprj_io[37] (inout)                                     0.00       0.00 r
  data arrival time                                                  0.00
  --------------------------------------------------------------------------
  (Path is unconstrained)


  Startpoint: padframe/mprj_pads/area2_io_pad/PAD[36] (internal pin)
  Endpoint: mprj_io[36]
            (output port clocked by clk)
  Path Group: (none)
  Path Type: max

  Des/Clust/Port     Wire Load Model       Library
  ------------------------------------------------
  vsdcaravel         ForQA                 tsl18cio250_min

  Point                                                   Incr       Path
  --------------------------------------------------------------------------
  padframe/mprj_pads/area2_io_pad/PAD[36] (pc3b03ed_wrapper)
                                                          0.00       0.00 r
  padframe/mprj_pads/io[36] (mprj_io)                     0.00       0.00 r
  padframe/mprj_io[36] (chip_io)                          0.00       0.00 r
  mprj_io[36] (inout)                                     0.00       0.00 r
  data arrival time                                                  0.00
  --------------------------------------------------------------------------
  (Path is unconstrained)


  Startpoint: padframe/mprj_pads/area2_io_pad/PAD[35] (internal pin)
  Endpoint: mprj_io[35]
            (output port clocked by clk)
  Path Group: (none)
  Path Type: max

  Des/Clust/Port     Wire Load Model       Library
  ------------------------------------------------
  vsdcaravel         ForQA                 tsl18cio250_min

  Point                                                   Incr       Path
  --------------------------------------------------------------------------
  padframe/mprj_pads/area2_io_pad/PAD[35] (pc3b03ed_wrapper)
                                                          0.00       0.00 r
  padframe/mprj_pads/io[35] (mprj_io)                     0.00       0.00 r
  padframe/mprj_io[35] (chip_io)                          0.00       0.00 r
  mprj_io[35] (inout)                                     0.00       0.00 r
  data arrival time                                                  0.00
  --------------------------------------------------------------------------
  (Path is unconstrained)


  Startpoint: padframe/mprj_pads/area2_io_pad/PAD[34] (internal pin)
  Endpoint: mprj_io[34]
            (output port clocked by clk)
  Path Group: (none)
  Path Type: max

  Des/Clust/Port     Wire Load Model       Library
  ------------------------------------------------
  vsdcaravel         ForQA                 tsl18cio250_min

  Point                                                   Incr       Path
  --------------------------------------------------------------------------
  padframe/mprj_pads/area2_io_pad/PAD[34] (pc3b03ed_wrapper)
                                                          0.00       0.00 r
  padframe/mprj_pads/io[34] (mprj_io)                     0.00       0.00 r
  padframe/mprj_io[34] (chip_io)                          0.00       0.00 r
  mprj_io[34] (inout)                                     0.00       0.00 r
  data arrival time                                                  0.00
  --------------------------------------------------------------------------
  (Path is unconstrained)


  Startpoint: padframe/mprj_pads/area2_io_pad/PAD[33] (internal pin)
  Endpoint: mprj_io[33]
            (output port clocked by clk)
  Path Group: (none)
  Path Type: max

  Des/Clust/Port     Wire Load Model       Library
  ------------------------------------------------
  vsdcaravel         ForQA                 tsl18cio250_min

  Point                                                   Incr       Path
  --------------------------------------------------------------------------
  padframe/mprj_pads/area2_io_pad/PAD[33] (pc3b03ed_wrapper)
                                                          0.00       0.00 r
  padframe/mprj_pads/io[33] (mprj_io)                     0.00       0.00 r
  padframe/mprj_io[33] (chip_io)                          0.00       0.00 r
  mprj_io[33] (inout)                                     0.00       0.00 r
  data arrival time                                                  0.00
  --------------------------------------------------------------------------
  (Path is unconstrained)


  Startpoint: padframe/mprj_pads/area2_io_pad/PAD[32] (internal pin)
  Endpoint: mprj_io[32]
            (output port clocked by clk)
  Path Group: (none)
  Path Type: max

  Des/Clust/Port     Wire Load Model       Library
  ------------------------------------------------
  vsdcaravel         ForQA                 tsl18cio250_min

  Point                                                   Incr       Path
  --------------------------------------------------------------------------
  padframe/mprj_pads/area2_io_pad/PAD[32] (pc3b03ed_wrapper)
                                                          0.00       0.00 r
  padframe/mprj_pads/io[32] (mprj_io)                     0.00       0.00 r
  padframe/mprj_io[32] (chip_io)                          0.00       0.00 r
  mprj_io[32] (inout)                                     0.00       0.00 r
  data arrival time                                                  0.00
  --------------------------------------------------------------------------
  (Path is unconstrained)


  Startpoint: padframe/mprj_pads/area2_io_pad/PAD[31] (internal pin)
  Endpoint: mprj_io[31]
            (output port clocked by clk)
  Path Group: (none)
  Path Type: max

  Des/Clust/Port     Wire Load Model       Library
  ------------------------------------------------
  vsdcaravel         ForQA                 tsl18cio250_min

  Point                                                   Incr       Path
  --------------------------------------------------------------------------
  padframe/mprj_pads/area2_io_pad/PAD[31] (pc3b03ed_wrapper)
                                                          0.00       0.00 r
  padframe/mprj_pads/io[31] (mprj_io)                     0.00       0.00 r
  padframe/mprj_io[31] (chip_io)                          0.00       0.00 r
  mprj_io[31] (inout)                                     0.00       0.00 r
  data arrival time                                                  0.00
  --------------------------------------------------------------------------
  (Path is unconstrained)


  Startpoint: padframe/mprj_pads/area2_io_pad/PAD[30] (internal pin)
  Endpoint: mprj_io[30]
            (output port clocked by clk)
  Path Group: (none)
  Path Type: max

  Des/Clust/Port     Wire Load Model       Library
  ------------------------------------------------
  vsdcaravel         ForQA                 tsl18cio250_min

  Point                                                   Incr       Path
  --------------------------------------------------------------------------
  padframe/mprj_pads/area2_io_pad/PAD[30] (pc3b03ed_wrapper)
                                                          0.00       0.00 r
  padframe/mprj_pads/io[30] (mprj_io)                     0.00       0.00 r
  padframe/mprj_io[30] (chip_io)                          0.00       0.00 r
  mprj_io[30] (inout)                                     0.00       0.00 r
  data arrival time                                                  0.00
  --------------------------------------------------------------------------
  (Path is unconstrained)


  Startpoint: padframe/mprj_pads/area2_io_pad/PAD[29] (internal pin)
  Endpoint: mprj_io[29]
            (output port clocked by clk)
  Path Group: (none)
  Path Type: max

  Des/Clust/Port     Wire Load Model       Library
  ------------------------------------------------
  vsdcaravel         ForQA                 tsl18cio250_min

  Point                                                   Incr       Path
  --------------------------------------------------------------------------
  padframe/mprj_pads/area2_io_pad/PAD[29] (pc3b03ed_wrapper)
                                                          0.00       0.00 r
  padframe/mprj_pads/io[29] (mprj_io)                     0.00       0.00 r
  padframe/mprj_io[29] (chip_io)                          0.00       0.00 r
  mprj_io[29] (inout)                                     0.00       0.00 r
  data arrival time                                                  0.00
  --------------------------------------------------------------------------
  (Path is unconstrained)


1
